// Jest Snapshot v1, https://goo.gl/fbAQLP

exports[`should render Henchmen list 1`] = `
<div
  className="chat-history"
>
  <div />
</div>
`;
